// Jest Snapshot v1, https://goo.gl/fbAQLP

exports[`renderChild renders a blank word form 1`] = `
<Provider
  store={
    Object {
      "dispatch": [Function],
      "getState": [Function],
      "replaceReducer": [Function],
      "subscribe": [Function],
      Symbol(observable): [Function],
    }
  }
>
  <ReduxForm>
    <Connect(Form(form))
      destroyOnUnmount={true}
      enableReinitialize={false}
      forceUnregisterOnUnmount={false}
      form="testForm"
      getFormState={[Function]}
      keepDirtyOnReinitialize={false}
      onSubmit={[MockFunction]}
      persistentSubmitErrors={false}
      pure={true}
      shouldAsyncValidate={[Function]}
      shouldError={[Function]}
      shouldValidate={[Function]}
      shouldWarn={[Function]}
      touchOnBlur={true}
      touchOnChange={false}
      updateUnregisteredFields={false}
    >
      <Form(form)
        anyTouched={false}
        array={
          Object {
            "insert": [Function],
            "move": [Function],
            "pop": [Function],
            "push": [Function],
            "remove": [Function],
            "removeAll": [Function],
            "shift": [Function],
            "splice": [Function],
            "swap": [Function],
            "unshift": [Function],
          }
        }
        arrayInsert={[Function]}
        arrayMove={[Function]}
        arrayPop={[Function]}
        arrayPush={[Function]}
        arrayRemove={[Function]}
        arrayRemoveAll={[Function]}
        arrayShift={[Function]}
        arraySplice={[Function]}
        arraySwap={[Function]}
        arrayUnshift={[Function]}
        asyncValidating={false}
        autofill={[Function]}
        blur={[Function]}
        change={[Function]}
        clearAsyncError={[Function]}
        clearFields={[Function]}
        clearSubmit={[Function]}
        clearSubmitErrors={[Function]}
        destroy={[Function]}
        destroyOnUnmount={true}
        dirty={false}
        dispatch={[Function]}
        enableReinitialize={false}
        focus={[Function]}
        forceUnregisterOnUnmount={false}
        form="testForm"
        getFormState={[Function]}
        initialize={[Function]}
        initialized={false}
        invalid={false}
        keepDirtyOnReinitialize={false}
        onSubmit={[MockFunction]}
        persistentSubmitErrors={false}
        pristine={true}
        pure={true}
        registerField={[Function]}
        registeredFields={
          Object {
            "children": Object {
              "count": 1,
              "name": "children",
              "type": "FieldArray",
            },
          }
        }
        reset={[Function]}
        resetSection={[Function]}
        setSubmitFailed={[Function]}
        setSubmitSucceeded={[Function]}
        shouldAsyncValidate={[Function]}
        shouldError={[Function]}
        shouldValidate={[Function]}
        shouldWarn={[Function]}
        startAsyncValidation={[Function]}
        startSubmit={[Function]}
        stopAsyncValidation={[Function]}
        stopSubmit={[Function]}
        submit={[Function]}
        submitFailed={false}
        submitSucceeded={false}
        submitting={false}
        syncErrors={Object {}}
        syncWarnings={Object {}}
        touch={[Function]}
        touchOnBlur={true}
        touchOnChange={false}
        unregisterField={[Function]}
        untouch={[Function]}
        updateSyncErrors={[Function]}
        updateSyncWarnings={[Function]}
        updateUnregisteredFields={false}
        valid={true}
        validExceptSubmit={true}
        values={Object {}}
      >
        <form
          anyTouched={false}
          array={
            Object {
              "insert": [Function],
              "move": [Function],
              "pop": [Function],
              "push": [Function],
              "remove": [Function],
              "removeAll": [Function],
              "shift": [Function],
              "splice": [Function],
              "swap": [Function],
              "unshift": [Function],
            }
          }
          asyncValidate={[Function]}
          asyncValidating={false}
          autofill={[Function]}
          blur={[Function]}
          change={[Function]}
          clearAsyncError={[Function]}
          clearFields={[Function]}
          clearSubmit={[Function]}
          clearSubmitErrors={[Function]}
          destroy={[Function]}
          dirty={false}
          dispatch={[Function]}
          form="testForm"
          handleSubmit={[Function]}
          initialize={[Function]}
          initialized={false}
          invalid={false}
          onSubmit={[MockFunction]}
          pristine={true}
          pure={true}
          reset={[Function]}
          resetSection={[Function]}
          submit={[Function]}
          submitFailed={false}
          submitSucceeded={false}
          submitting={false}
          touch={[Function]}
          untouch={[Function]}
          valid={true}
        >
          <Form
            onSubmit={[MockFunction]}
          >
            <form
              onSubmit={[MockFunction]}
            >
              <FieldArray
                component={[Function]}
                name="children"
              >
                <Connect(ConnectedFieldArray)
                  _reduxForm={
                    Object {
                      "anyTouched": false,
                      "array": Object {
                        "insert": [Function],
                        "move": [Function],
                        "pop": [Function],
                        "push": [Function],
                        "remove": [Function],
                        "removeAll": [Function],
                        "shift": [Function],
                        "splice": [Function],
                        "swap": [Function],
                        "unshift": [Function],
                      },
                      "arrayInsert": [Function],
                      "arrayMove": [Function],
                      "arrayPop": [Function],
                      "arrayPush": [Function],
                      "arrayRemove": [Function],
                      "arrayRemoveAll": [Function],
                      "arrayShift": [Function],
                      "arraySplice": [Function],
                      "arraySwap": [Function],
                      "arrayUnshift": [Function],
                      "asyncErrors": undefined,
                      "asyncValidate": [Function],
                      "asyncValidating": false,
                      "autofill": [Function],
                      "blur": [Function],
                      "change": [Function],
                      "clearAsyncError": [Function],
                      "clearFields": [Function],
                      "clearSubmit": [Function],
                      "clearSubmitErrors": [Function],
                      "destroy": [Function],
                      "destroyOnUnmount": true,
                      "dirty": false,
                      "dispatch": [Function],
                      "enableReinitialize": false,
                      "error": undefined,
                      "focus": [Function],
                      "forceUnregisterOnUnmount": false,
                      "form": "testForm",
                      "getFormState": [Function],
                      "getValues": [Function],
                      "initialValues": undefined,
                      "initialize": [Function],
                      "initialized": false,
                      "invalid": false,
                      "keepDirtyOnReinitialize": false,
                      "onSubmit": [MockFunction],
                      "persistentSubmitErrors": false,
                      "pristine": true,
                      "pure": true,
                      "register": [Function],
                      "registerField": [Function],
                      "registerInnerOnSubmit": [Function],
                      "registeredFields": undefined,
                      "reset": [Function],
                      "resetSection": [Function],
                      "sectionPrefix": undefined,
                      "setSubmitFailed": [Function],
                      "setSubmitSucceeded": [Function],
                      "shouldAsyncValidate": [Function],
                      "shouldError": [Function],
                      "shouldValidate": [Function],
                      "shouldWarn": [Function],
                      "startAsyncValidation": [Function],
                      "startSubmit": [Function],
                      "stopAsyncValidation": [Function],
                      "stopSubmit": [Function],
                      "submit": [Function],
                      "submitFailed": false,
                      "submitSucceeded": false,
                      "submitting": false,
                      "syncErrors": Object {},
                      "syncWarnings": Object {},
                      "touch": [Function],
                      "touchOnBlur": true,
                      "touchOnChange": false,
                      "triggerSubmit": undefined,
                      "unregister": [Function],
                      "unregisterField": [Function],
                      "untouch": [Function],
                      "updateSyncErrors": [Function],
                      "updateSyncWarnings": [Function],
                      "updateUnregisteredFields": false,
                      "valid": true,
                      "validExceptSubmit": true,
                      "values": Object {},
                      "warning": undefined,
                    }
                  }
                  component={[Function]}
                  name="children"
                >
                  <ConnectedFieldArray
                    _reduxForm={
                      Object {
                        "anyTouched": false,
                        "array": Object {
                          "insert": [Function],
                          "move": [Function],
                          "pop": [Function],
                          "push": [Function],
                          "remove": [Function],
                          "removeAll": [Function],
                          "shift": [Function],
                          "splice": [Function],
                          "swap": [Function],
                          "unshift": [Function],
                        },
                        "arrayInsert": [Function],
                        "arrayMove": [Function],
                        "arrayPop": [Function],
                        "arrayPush": [Function],
                        "arrayRemove": [Function],
                        "arrayRemoveAll": [Function],
                        "arrayShift": [Function],
                        "arraySplice": [Function],
                        "arraySwap": [Function],
                        "arrayUnshift": [Function],
                        "asyncErrors": undefined,
                        "asyncValidate": [Function],
                        "asyncValidating": false,
                        "autofill": [Function],
                        "blur": [Function],
                        "change": [Function],
                        "clearAsyncError": [Function],
                        "clearFields": [Function],
                        "clearSubmit": [Function],
                        "clearSubmitErrors": [Function],
                        "destroy": [Function],
                        "destroyOnUnmount": true,
                        "dirty": false,
                        "dispatch": [Function],
                        "enableReinitialize": false,
                        "error": undefined,
                        "focus": [Function],
                        "forceUnregisterOnUnmount": false,
                        "form": "testForm",
                        "getFormState": [Function],
                        "getValues": [Function],
                        "initialValues": undefined,
                        "initialize": [Function],
                        "initialized": false,
                        "invalid": false,
                        "keepDirtyOnReinitialize": false,
                        "onSubmit": [MockFunction],
                        "persistentSubmitErrors": false,
                        "pristine": true,
                        "pure": true,
                        "register": [Function],
                        "registerField": [Function],
                        "registerInnerOnSubmit": [Function],
                        "registeredFields": undefined,
                        "reset": [Function],
                        "resetSection": [Function],
                        "sectionPrefix": undefined,
                        "setSubmitFailed": [Function],
                        "setSubmitSucceeded": [Function],
                        "shouldAsyncValidate": [Function],
                        "shouldError": [Function],
                        "shouldValidate": [Function],
                        "shouldWarn": [Function],
                        "startAsyncValidation": [Function],
                        "startSubmit": [Function],
                        "stopAsyncValidation": [Function],
                        "stopSubmit": [Function],
                        "submit": [Function],
                        "submitFailed": false,
                        "submitSucceeded": false,
                        "submitting": false,
                        "syncErrors": Object {},
                        "syncWarnings": Object {},
                        "touch": [Function],
                        "touchOnBlur": true,
                        "touchOnChange": false,
                        "triggerSubmit": undefined,
                        "unregister": [Function],
                        "unregisterField": [Function],
                        "untouch": [Function],
                        "updateSyncErrors": [Function],
                        "updateSyncWarnings": [Function],
                        "updateUnregisteredFields": false,
                        "valid": true,
                        "validExceptSubmit": true,
                        "values": Object {},
                        "warning": undefined,
                      }
                    }
                    arrayInsert={[Function]}
                    arrayMove={[Function]}
                    arrayPop={[Function]}
                    arrayPush={[Function]}
                    arrayRemove={[Function]}
                    arrayRemoveAll={[Function]}
                    arrayShift={[Function]}
                    arraySplice={[Function]}
                    arraySwap={[Function]}
                    arrayUnshift={[Function]}
                    component={[Function]}
                    dirty={false}
                    length={0}
                    name="children"
                    pristine={true}
                    rerenderOnEveryChange={false}
                  >
                    <renderChild
                      fields={
                        Object {
                          "_isFieldArray": true,
                          "forEach": [Function],
                          "get": [Function],
                          "getAll": [Function],
                          "insert": [Function],
                          "length": 0,
                          "map": [Function],
                          "move": [Function],
                          "name": "children",
                          "pop": [Function],
                          "push": [Function],
                          "reduce": [Function],
                          "remove": [Function],
                          "removeAll": [Function],
                          "shift": [Function],
                          "swap": [Function],
                          "unshift": [Function],
                        }
                      }
                      meta={
                        Object {
                          "dirty": false,
                          "error": undefined,
                          "form": "testForm",
                          "invalid": false,
                          "pristine": true,
                          "submitFailed": undefined,
                          "submitting": undefined,
                          "valid": true,
                          "warning": undefined,
                        }
                      }
                    >
                      <section
                        className="childrenContainer"
                      >
                        <button
                          className="button"
                          onClick={[Function]}
                          title="Add Child"
                          type="button"
                        >
                          +
                           Child
                        </button>
                        <button
                          className="button"
                          onClick={[Function]}
                          title="Look Up a Child"
                          type="button"
                        >
                          🔎
                           Child
                        </button>
                      </section>
                    </renderChild>
                  </ConnectedFieldArray>
                </Connect(ConnectedFieldArray)>
              </FieldArray>
            </form>
          </Form>
        </form>
      </Form(form)>
    </Connect(Form(form))>
  </ReduxForm>
</Provider>
`;
